Detecting compiler hash for triplet x64-windows...
Compiler found: C:/Program Files (x86)/Microsoft Visual Studio/2019/Community/VC/Tools/MSVC/14.27.29110/bin/Hostx64/x64/cl.exe
The following packages are already installed:
    glfw3:x64-windows@3.5.1
  * vcpkg-cmake:x64-windows@2025-08-07
  * vcpkg-cmake-config:x64-windows@2026-07-21
The following packages will be built and installed:
  * egl-registry:x64-windows@2025-05-27 -- git+https://github.com/microsoft/vcpkg@980ed62fded868a1cb66460b32704aca030af013
    glad[core,loader]:x64-windows@0.1.36 -- git+https://github.com/microsoft/vcpkg@fa93b14c1581057e1d14650f5f15c9b0757dd548
  * opengl-registry:x64-windows@2026-08-03 -- git+https://github.com/microsoft/vcpkg@afb3b830710697505bc6d59cb1fbed9ca29c7e99
Additional packages (*) will be modified to complete this operation.
Restored 0 package(s) from C:\Users\iantr\AppData\Local\vcpkg\archives in 211 us. Use --debug to see more details.
Installing 1/3 egl-registry:x64-windows@2025-05-27...
egl-registry:x64-windows@2025-05-27 package ABI: a531aa7548dac94b68eda986e162f1a6bf1aff1991e16263b70cd14a1390d60a
Building egl-registry:x64-windows@2025-05-27...
C:\Users\iantr\AppData\Local\vcpkg\registries\git-trees\980ed62fded868a1cb66460b32704aca030af013: info: installing from git registry git+https://github.com/microsoft/vcpkg@980ed62fded868a1cb66460b32704aca030af013
Downloading https://github.com/KhronosGroup/EGL-Registry/archive/3ae2b7c48690d2ce13cc6db3db02dfc0572be65e.tar.gz -> KhronosGroup-EGL-Registry-3ae2b7c48690d2ce13cc6db3db02dfc0572be65e.tar.gz
Successfully downloaded KhronosGroup-EGL-Registry-3ae2b7c48690d2ce13cc6db3db02dfc0572be65e.tar.gz
-- Extracting source C:/vcpkg/downloads/KhronosGroup-EGL-Registry-3ae2b7c48690d2ce13cc6db3db02dfc0572be65e.tar.gz
-- Using source at C:/vcpkg/buildtrees/egl-registry/src/c0572be65e-4257a9ad9b.clean
-- Installing: C:/vcpkg/packages/egl-registry_x64-windows/share/egl-registry/copyright
-- Performing post-build validation
Starting submission of egl-registry:x64-windows@2025-05-27 to 1 binary cache(s) in the background
Elapsed time to handle egl-registry:x64-windows: 3 s
Installing 2/3 opengl-registry:x64-windows@2026-08-03...
opengl-registry:x64-windows@2026-08-03 package ABI: afdb803ce519e9bdae9b2de8dc9c7f38d82b463b0afa53f1ea86485584347eda
Building opengl-registry:x64-windows@2026-08-03...
C:\Users\iantr\AppData\Local\vcpkg\registries\git-trees\afb3b830710697505bc6d59cb1fbed9ca29c7e99: info: installing from git registry git+https://github.com/microsoft/vcpkg@afb3b830710697505bc6d59cb1fbed9ca29c7e99
Downloading https://github.com/KhronosGroup/OpenGL-Registry/archive/e8f7cd0e35ac8d6f5667a021ff83d04b1fec41ef.tar.gz -> KhronosGroup-OpenGL-Registry-e8f7cd0e35ac8d6f5667a021ff83d04b1fec41ef.tar.gz
Successfully downloaded KhronosGroup-OpenGL-Registry-e8f7cd0e35ac8d6f5667a021ff83d04b1fec41ef.tar.gz
-- Extracting source C:/vcpkg/downloads/KhronosGroup-OpenGL-Registry-e8f7cd0e35ac8d6f5667a021ff83d04b1fec41ef.tar.gz
-- Using source at C:/vcpkg/buildtrees/opengl-registry/src/4b1fec41ef-a126ad0aa2.clean
-- Installing: C:/vcpkg/packages/opengl-registry_x64-windows/share/opengl-registry/copyright
-- Performing post-build validation
Starting submission of opengl-registry:x64-windows@2026-08-03 to 1 binary cache(s) in the background
Elapsed time to handle opengl-registry:x64-windows: 54 s
Completed submission of egl-registry:x64-windows@2025-05-27 to 1 binary cache(s) in 730 ms
Installing 3/3 glad[core,loader]:x64-windows@0.1.36...
glad[core,loader]:x64-windows@0.1.36 package ABI: 85a7c255706d09a424d1a7f17e2832d309d764dcba2698120fd44ce8fb735708
Building glad[core,loader]:x64-windows@0.1.36...
C:\Users\iantr\AppData\Local\vcpkg\registries\git-trees\fa93b14c1581057e1d14650f5f15c9b0757dd548: info: installing from git registry git+https://github.com/microsoft/vcpkg@fa93b14c1581057e1d14650f5f15c9b0757dd548
-- Note: glad only supports static library linkage. Building static library.
Downloading https://github.com/Dav1dde/glad/archive/1ecd45775d96f35170458e6b148eb0708967e402.tar.gz -> Dav1dde-glad-1ecd45775d96f35170458e6b148eb0708967e402.tar.gz
Successfully downloaded Dav1dde-glad-1ecd45775d96f35170458e6b148eb0708967e402.tar.gz
-- Extracting source C:/vcpkg/downloads/Dav1dde-glad-1ecd45775d96f35170458e6b148eb0708967e402.tar.gz
-- Applying patch encoding.patch
-- Applying patch find_python.patch
-- Using source at C:/vcpkg/buildtrees/glad/src/708967e402-274d415499.clean
-- This version of glad uses the compatibility profile. To use the core profile instead, create an overlay port of this with GLAD_PROFILE set to 'core' or set GLAD_PROFILE to 'core' in a custom triplet.
-- This recipe is at C:/Users/iantr/AppData/Local/vcpkg/registries/git-trees/fa93b14c1581057e1d14650f5f15c9b0757dd548
-- See the overlay ports documentation at https://github.com/microsoft/vcpkg/blob/master/docs/specifications/ports-overlay.md
Downloading https://www.python.org/ftp/python/3.14.2/python-3.14.2-embed-amd64.zip -> python-3.14.2-embed-amd64.zip
Successfully downloaded python-3.14.2-embed-amd64.zip
-- Configuring x64-windows
-- Building x64-windows-dbg
-- Building x64-windows-rel
-- Installing: C:/vcpkg/packages/glad_x64-windows/share/glad/copyright
-- Performing post-build validation
Starting submission of glad[core,loader]:x64-windows@0.1.36 to 1 binary cache(s) in the background
Elapsed time to handle glad:x64-windows: 15 s
Installed contents are licensed to you by owners. Microsoft is not responsible for, nor does it grant any licenses to, third-party packages.
Some packages did not declare an SPDX license. Check the `copyright` file for each package for more information about their licensing.
Packages installed in this vcpkg installation declare the following licenses:
Apache-2.0
MIT
glad provides CMake targets:

  # this is heuristically generated, and may not be correct
  find_package(glad CONFIG REQUIRED)
  target_link_libraries(main PRIVATE glad::glad)

glfw3 provides CMake targets:

  # this is heuristically generated, and may not be correct
  find_package(glfw3 CONFIG REQUIRED)
  target_link_libraries(main PRIVATE glfw)

glfw3 provides pkg-config modules:

  # A multi-platform library for OpenGL, window and input
  glfw3

Completed submission of opengl-registry:x64-windows@2026-08-03 to 1 binary cache(s) in 531 ms
Waiting for 1 remaining binary cache submissions...
Completed submission of glad[core,loader]:x64-windows@0.1.36 to 1 binary cache(s) in 434 ms (1/1)
All requested installations completed successfully in: 1.2 min
